pref_one: CONSTANT VALUE=1.0
pref_h_0_0: COMBINE ...
  PERIODIC=NO
  COEFFICIENTS=0,2,4,8
  ARG=x1,x2,x3,pref_one
...
pref_h_0_1: COMBINE ...
  PERIODIC=NO
  COEFFICIENTS=1,3,5,9
  ARG=x1,x2,x3,pref_one
...
pref_ht_0_0: CUSTOM PERIODIC=NO ARG=pref_h_0_0 FUNC=log(1+exp(-abs(x)))+max(x,0)
pref_ht_0_1: CUSTOM PERIODIC=NO ARG=pref_h_0_1 FUNC=log(1+exp(-abs(x)))+max(x,0)
pref_result: COMBINE ...
  PERIODIC=NO
  COEFFICIENTS=6,7,10
  ARG=pref_ht_0_0,pref_ht_0_1,pref_one
...
